Analysis & Synthesis report for P2
Fri Mar 08 16:20:18 2019
Quartus Prime Version 17.1.0 Build 590 10/25/2017 SJ Lite Edition


---------------------
; Table of Contents ;
---------------------
  1. Legal Notice
  2. Analysis & Synthesis Summary
  3. Analysis & Synthesis Settings
  4. Parallel Compilation
  5. Analysis & Synthesis Source Files Read
  6. Analysis & Synthesis Resource Usage Summary
  7. Analysis & Synthesis Resource Utilization by Entity
  8. General Register Statistics
  9. Analysis & Synthesis Messages



----------------
; Legal Notice ;
----------------
Copyright (C) 2017  Intel Corporation. All rights reserved.
Your use of Intel Corporation's design tools, logic functions 
and other software and tools, and its AMPP partner logic 
functions, and any output files from any of the foregoing 
(including device programming or simulation files), and any 
associated documentation or information are expressly subject 
to the terms and conditions of the Intel Program License 
Subscription Agreement, the Intel Quartus Prime License Agreement,
the Intel FPGA IP License Agreement, or other applicable license
agreement, including, without limitation, that your use is for
the sole purpose of programming logic devices manufactured by
Intel and sold by Intel or its authorized distributors.  Please
refer to the applicable agreement for further details.



+---------------------------------------------------------------------------+
; Analysis & Synthesis Summary                                              ;
+-----------------------------+---------------------------------------------+
; Analysis & Synthesis Status ; Successful - Fri Mar 08 16:20:18 2019       ;
; Quartus Prime Version       ; 17.1.0 Build 590 10/25/2017 SJ Lite Edition ;
; Revision Name               ; P2                                          ;
; Top-level Entity Name       ; DUT                                         ;
; Family                      ; MAX V                                       ;
; Total logic elements        ; 18                                          ;
; Total pins                  ; 33                                          ;
; Total virtual pins          ; 0                                           ;
; UFM blocks                  ; 0 / 1 ( 0 % )                               ;
+-----------------------------+---------------------------------------------+


+----------------------------------------------------------------------------------------------------------------------+
; Analysis & Synthesis Settings                                                                                        ;
+----------------------------------------------------------------------------+--------------------+--------------------+
; Option                                                                     ; Setting            ; Default Value      ;
+----------------------------------------------------------------------------+--------------------+--------------------+
; Device                                                                     ; 5M1270ZT144C5      ;                    ;
; Top-level entity name                                                      ; DUT                ; P2                 ;
; Family name                                                                ; MAX V              ; Cyclone V          ;
; Use smart compilation                                                      ; Off                ; Off                ;
; Enable parallel Assembler and TimeQuest Timing Analyzer during compilation ; On                 ; On                 ;
; Enable compact report table                                                ; Off                ; Off                ;
; Restructure Multiplexers                                                   ; Auto               ; Auto               ;
; Create Debugging Nodes for IP Cores                                        ; Off                ; Off                ;
; Preserve fewer node names                                                  ; On                 ; On                 ;
; Intel FPGA IP Evaluation Mode                                              ; Enable             ; Enable             ;
; Verilog Version                                                            ; Verilog_2001       ; Verilog_2001       ;
; VHDL Version                                                               ; VHDL_1993          ; VHDL_1993          ;
; State Machine Processing                                                   ; Auto               ; Auto               ;
; Safe State Machine                                                         ; Off                ; Off                ;
; Extract Verilog State Machines                                             ; On                 ; On                 ;
; Extract VHDL State Machines                                                ; On                 ; On                 ;
; Ignore Verilog initial constructs                                          ; Off                ; Off                ;
; Iteration limit for constant Verilog loops                                 ; 5000               ; 5000               ;
; Iteration limit for non-constant Verilog loops                             ; 250                ; 250                ;
; Add Pass-Through Logic to Inferred RAMs                                    ; On                 ; On                 ;
; Infer RAMs from Raw Logic                                                  ; On                 ; On                 ;
; Parallel Synthesis                                                         ; On                 ; On                 ;
; NOT Gate Push-Back                                                         ; On                 ; On                 ;
; Power-Up Don't Care                                                        ; On                 ; On                 ;
; Remove Redundant Logic Cells                                               ; Off                ; Off                ;
; Remove Duplicate Registers                                                 ; On                 ; On                 ;
; Ignore CARRY Buffers                                                       ; Off                ; Off                ;
; Ignore CASCADE Buffers                                                     ; Off                ; Off                ;
; Ignore GLOBAL Buffers                                                      ; Off                ; Off                ;
; Ignore ROW GLOBAL Buffers                                                  ; Off                ; Off                ;
; Ignore LCELL Buffers                                                       ; Off                ; Off                ;
; Ignore SOFT Buffers                                                        ; On                 ; On                 ;
; Limit AHDL Integers to 32 Bits                                             ; Off                ; Off                ;
; Optimization Technique                                                     ; Balanced           ; Balanced           ;
; Carry Chain Length                                                         ; 70                 ; 70                 ;
; Auto Carry Chains                                                          ; On                 ; On                 ;
; Auto Open-Drain Pins                                                       ; On                 ; On                 ;
; Perform WYSIWYG Primitive Resynthesis                                      ; Off                ; Off                ;
; Auto Shift Register Replacement                                            ; Auto               ; Auto               ;
; Allow Shift Register Merging across Hierarchies                            ; Auto               ; Auto               ;
; Auto Clock Enable Replacement                                              ; On                 ; On                 ;
; Allow Synchronous Control Signals                                          ; On                 ; On                 ;
; Force Use of Synchronous Clear Signals                                     ; Off                ; Off                ;
; Auto Resource Sharing                                                      ; Off                ; Off                ;
; Use LogicLock Constraints during Resource Balancing                        ; On                 ; On                 ;
; Ignore translate_off and synthesis_off directives                          ; Off                ; Off                ;
; Report Parameter Settings                                                  ; On                 ; On                 ;
; Report Source Assignments                                                  ; On                 ; On                 ;
; Report Connectivity Checks                                                 ; On                 ; On                 ;
; Ignore Maximum Fan-Out Assignments                                         ; Off                ; Off                ;
; Synchronization Register Chain Length                                      ; 2                  ; 2                  ;
; Power Optimization During Synthesis                                        ; Normal compilation ; Normal compilation ;
; HDL message level                                                          ; Level2             ; Level2             ;
; Suppress Register Optimization Related Messages                            ; Off                ; Off                ;
; Number of Removed Registers Reported in Synthesis Report                   ; 5000               ; 5000               ;
; Number of Swept Nodes Reported in Synthesis Report                         ; 5000               ; 5000               ;
; Number of Inverted Registers Reported in Synthesis Report                  ; 100                ; 100                ;
; Clock MUX Protection                                                       ; On                 ; On                 ;
; Block Design Naming                                                        ; Auto               ; Auto               ;
; Synthesis Effort                                                           ; Auto               ; Auto               ;
; Shift Register Replacement - Allow Asynchronous Clear Signal               ; On                 ; On                 ;
; Analysis & Synthesis Message Level                                         ; Medium             ; Medium             ;
; Disable Register Merging Across Hierarchies                                ; Auto               ; Auto               ;
+----------------------------------------------------------------------------+--------------------+--------------------+


+------------------------------------------+
; Parallel Compilation                     ;
+----------------------------+-------------+
; Processors                 ; Number      ;
+----------------------------+-------------+
; Number detected on machine ; 4           ;
; Maximum allowed            ; 2           ;
;                            ;             ;
; Average used               ; 1.00        ;
; Maximum used               ; 1           ;
;                            ;             ;
; Usage by Processor         ; % Time Used ;
;     Processor 1            ; 100.0%      ;
+----------------------------+-------------+


+-------------------------------------------------------------------------------------------------------------------------------------------------------------------------------------+
; Analysis & Synthesis Source Files Read                                                                                                                                              ;
+----------------------------------+-----------------+-----------------+----------------------------------------------------------------------------------------------------+---------+
; File Name with User-Entered Path ; Used in Netlist ; File Type       ; File Name with Absolute Path                                                                       ; Library ;
+----------------------------------+-----------------+-----------------+----------------------------------------------------------------------------------------------------+---------+
; DUT.vhdl                         ; yes             ; User VHDL File  ; C:/Users/sabup/Desktop/IITB/Annual_Academic_Files/Year_2/Semester_4/EE214/P4/VHDL_Files/DUT.vhdl   ;         ;
; P2.vhdl                          ; yes             ; User VHDL File  ; C:/Users/sabup/Desktop/IITB/Annual_Academic_Files/Year_2/Semester_4/EE214/P4/VHDL_Files/P2.vhdl    ;         ;
; Gates.vhdl                       ; yes             ; User VHDL File  ; C:/Users/sabup/Desktop/IITB/Annual_Academic_Files/Year_2/Semester_4/EE214/P4/VHDL_Files/Gates.vhdl ;         ;
+----------------------------------+-----------------+-----------------+----------------------------------------------------------------------------------------------------+---------+


+---------------------------------------------------------------+
; Analysis & Synthesis Resource Usage Summary                   ;
+---------------------------------------------+-----------------+
; Resource                                    ; Usage           ;
+---------------------------------------------+-----------------+
; Total logic elements                        ; 18              ;
;     -- Combinational with no register       ; 18              ;
;     -- Register only                        ; 0               ;
;     -- Combinational with a register        ; 0               ;
;                                             ;                 ;
; Logic element usage by number of LUT inputs ;                 ;
;     -- 4 input functions                    ; 6               ;
;     -- 3 input functions                    ; 9               ;
;     -- 2 input functions                    ; 3               ;
;     -- 1 input functions                    ; 0               ;
;     -- 0 input functions                    ; 0               ;
;                                             ;                 ;
; Logic elements by mode                      ;                 ;
;     -- normal mode                          ; 18              ;
;     -- arithmetic mode                      ; 0               ;
;     -- qfbk mode                            ; 0               ;
;     -- register cascade mode                ; 0               ;
;     -- synchronous clear/load mode          ; 0               ;
;     -- asynchronous clear/load mode         ; 0               ;
;                                             ;                 ;
; Total registers                             ; 0               ;
; I/O pins                                    ; 33              ;
; Maximum fan-out node                        ; input_vector[0] ;
; Maximum fan-out                             ; 3               ;
; Total fan-out                               ; 65              ;
; Average fan-out                             ; 1.27            ;
+---------------------------------------------+-----------------+


+-----------------------------------------------------------------------------------------------------------------------------------------------------------------------------------------------------------------------------------------------+
; Analysis & Synthesis Resource Utilization by Entity                                                                                                                                                                                           ;
+------------------------------+-------------+--------------+------------+------+--------------+--------------+-------------------+------------------+-----------------+------------+------------------------------+-------------+--------------+
; Compilation Hierarchy Node   ; Logic Cells ; LC Registers ; UFM Blocks ; Pins ; Virtual Pins ; LUT-Only LCs ; Register-Only LCs ; LUT/Register LCs ; Carry Chain LCs ; Packed LCs ; Full Hierarchy Name          ; Entity Name ; Library Name ;
+------------------------------+-------------+--------------+------------+------+--------------+--------------+-------------------+------------------+-----------------+------------+------------------------------+-------------+--------------+
; |DUT                         ; 18 (0)      ; 0            ; 0          ; 33   ; 0            ; 18 (0)       ; 0 (0)             ; 0 (0)            ; 0 (0)           ; 0 (0)      ; |DUT                         ; DUT         ; work         ;
;    |adder_8bit:add_instance| ; 18 (18)     ; 0            ; 0          ; 0    ; 0            ; 18 (18)      ; 0 (0)             ; 0 (0)            ; 0 (0)           ; 0 (0)      ; |DUT|adder_8bit:add_instance ; adder_8bit  ; work         ;
+------------------------------+-------------+--------------+------------+------+--------------+--------------+-------------------+------------------+-----------------+------------+------------------------------+-------------+--------------+
Note: For table entries with two numbers listed, the numbers in parentheses indicate the number of resources of the given type used by the specific entity alone. The numbers listed outside of parentheses indicate the total resources of the given type used by the specific entity and all of its sub-entities in the hierarchy.


+------------------------------------------------------+
; General Register Statistics                          ;
+----------------------------------------------+-------+
; Statistic                                    ; Value ;
+----------------------------------------------+-------+
; Total registers                              ; 0     ;
; Number of registers using Synchronous Clear  ; 0     ;
; Number of registers using Synchronous Load   ; 0     ;
; Number of registers using Asynchronous Clear ; 0     ;
; Number of registers using Asynchronous Load  ; 0     ;
; Number of registers using Clock Enable       ; 0     ;
; Number of registers using Preset             ; 0     ;
+----------------------------------------------+-------+


+-------------------------------+
; Analysis & Synthesis Messages ;
+-------------------------------+
Info: *******************************************************************
Info: Running Quartus Prime Analysis & Synthesis
    Info: Version 17.1.0 Build 590 10/25/2017 SJ Lite Edition
    Info: Processing started: Fri Mar 08 16:19:40 2019
Info: Command: quartus_map --read_settings_files=on --write_settings_files=off P2 -c P2
Warning (18236): Number of processors has not been specified which may cause overloading on shared machines.  Set the global assignment NUM_PARALLEL_PROCESSORS in your QSF to an appropriate value for best performance.
Info (20030): Parallel compilation is enabled and will use 2 of the 2 processors detected
Info (12021): Found 2 design units, including 1 entities, in source file dut.vhdl
    Info (12022): Found design unit 1: DUT-DutWrap File: C:/Users/sabup/Desktop/IITB/Annual_Academic_Files/Year_2/Semester_4/EE214/P4/VHDL_Files/DUT.vhdl Line: 12
    Info (12023): Found entity 1: DUT File: C:/Users/sabup/Desktop/IITB/Annual_Academic_Files/Year_2/Semester_4/EE214/P4/VHDL_Files/DUT.vhdl Line: 7
Info (12021): Found 4 design units, including 1 entities, in source file p2.vhdl
    Info (12022): Found design unit 1: adder_8bit-behav_1 File: C:/Users/sabup/Desktop/IITB/Annual_Academic_Files/Year_2/Semester_4/EE214/P4/VHDL_Files/P2.vhdl Line: 10
    Info (12022): Found design unit 2: adder_8bit-behav_2 File: C:/Users/sabup/Desktop/IITB/Annual_Academic_Files/Year_2/Semester_4/EE214/P4/VHDL_Files/P2.vhdl Line: 20
    Info (12022): Found design unit 3: adder_8bit-behav_3 File: C:/Users/sabup/Desktop/IITB/Annual_Academic_Files/Year_2/Semester_4/EE214/P4/VHDL_Files/P2.vhdl Line: 31
    Info (12023): Found entity 1: adder_8bit File: C:/Users/sabup/Desktop/IITB/Annual_Academic_Files/Year_2/Semester_4/EE214/P4/VHDL_Files/P2.vhdl Line: 6
Info (12021): Found 19 design units, including 9 entities, in source file gates.vhdl
    Info (12022): Found design unit 1: Gates File: C:/Users/sabup/Desktop/IITB/Annual_Academic_Files/Year_2/Semester_4/EE214/P4/VHDL_Files/Gates.vhdl Line: 3
    Info (12022): Found design unit 2: INVERTER-Equations File: C:/Users/sabup/Desktop/IITB/Annual_Academic_Files/Year_2/Semester_4/EE214/P4/VHDL_Files/Gates.vhdl Line: 48
    Info (12022): Found design unit 3: AND_2-Equations File: C:/Users/sabup/Desktop/IITB/Annual_Academic_Files/Year_2/Semester_4/EE214/P4/VHDL_Files/Gates.vhdl Line: 60
    Info (12022): Found design unit 4: NAND_2-Equations File: C:/Users/sabup/Desktop/IITB/Annual_Academic_Files/Year_2/Semester_4/EE214/P4/VHDL_Files/Gates.vhdl Line: 71
    Info (12022): Found design unit 5: OR_2-Equations File: C:/Users/sabup/Desktop/IITB/Annual_Academic_Files/Year_2/Semester_4/EE214/P4/VHDL_Files/Gates.vhdl Line: 82
    Info (12022): Found design unit 6: NOR_2-Equations File: C:/Users/sabup/Desktop/IITB/Annual_Academic_Files/Year_2/Semester_4/EE214/P4/VHDL_Files/Gates.vhdl Line: 93
    Info (12022): Found design unit 7: XOR_2-Equations File: C:/Users/sabup/Desktop/IITB/Annual_Academic_Files/Year_2/Semester_4/EE214/P4/VHDL_Files/Gates.vhdl Line: 105
    Info (12022): Found design unit 8: XNOR_2-Equations File: C:/Users/sabup/Desktop/IITB/Annual_Academic_Files/Year_2/Semester_4/EE214/P4/VHDL_Files/Gates.vhdl Line: 116
    Info (12022): Found design unit 9: HALF_ADDER-Equations File: C:/Users/sabup/Desktop/IITB/Annual_Academic_Files/Year_2/Semester_4/EE214/P4/VHDL_Files/Gates.vhdl Line: 127
    Info (12022): Found design unit 10: Full_Adder-Struct File: C:/Users/sabup/Desktop/IITB/Annual_Academic_Files/Year_2/Semester_4/EE214/P4/VHDL_Files/Gates.vhdl Line: 143
    Info (12023): Found entity 1: INVERTER File: C:/Users/sabup/Desktop/IITB/Annual_Academic_Files/Year_2/Semester_4/EE214/P4/VHDL_Files/Gates.vhdl Line: 44
    Info (12023): Found entity 2: AND_2 File: C:/Users/sabup/Desktop/IITB/Annual_Academic_Files/Year_2/Semester_4/EE214/P4/VHDL_Files/Gates.vhdl Line: 56
    Info (12023): Found entity 3: NAND_2 File: C:/Users/sabup/Desktop/IITB/Annual_Academic_Files/Year_2/Semester_4/EE214/P4/VHDL_Files/Gates.vhdl Line: 67
    Info (12023): Found entity 4: OR_2 File: C:/Users/sabup/Desktop/IITB/Annual_Academic_Files/Year_2/Semester_4/EE214/P4/VHDL_Files/Gates.vhdl Line: 78
    Info (12023): Found entity 5: NOR_2 File: C:/Users/sabup/Desktop/IITB/Annual_Academic_Files/Year_2/Semester_4/EE214/P4/VHDL_Files/Gates.vhdl Line: 89
    Info (12023): Found entity 6: XOR_2 File: C:/Users/sabup/Desktop/IITB/Annual_Academic_Files/Year_2/Semester_4/EE214/P4/VHDL_Files/Gates.vhdl Line: 101
    Info (12023): Found entity 7: XNOR_2 File: C:/Users/sabup/Desktop/IITB/Annual_Academic_Files/Year_2/Semester_4/EE214/P4/VHDL_Files/Gates.vhdl Line: 112
    Info (12023): Found entity 8: HALF_ADDER File: C:/Users/sabup/Desktop/IITB/Annual_Academic_Files/Year_2/Semester_4/EE214/P4/VHDL_Files/Gates.vhdl Line: 123
    Info (12023): Found entity 9: Full_Adder File: C:/Users/sabup/Desktop/IITB/Annual_Academic_Files/Year_2/Semester_4/EE214/P4/VHDL_Files/Gates.vhdl Line: 140
Info (12127): Elaborating entity "DUT" for the top level hierarchy
Info (12128): Elaborating entity "adder_8bit" for hierarchy "adder_8bit:add_instance" File: C:/Users/sabup/Desktop/IITB/Annual_Academic_Files/Year_2/Semester_4/EE214/P4/VHDL_Files/DUT.vhdl Line: 19
Warning (10541): VHDL Signal Declaration warning at P2.vhdl(7): used implicit default value for signal "cout" because signal was never assigned a value or an explicit default value. Use of implicit default value may introduce unintended design optimizations. File: C:/Users/sabup/Desktop/IITB/Annual_Academic_Files/Year_2/Semester_4/EE214/P4/VHDL_Files/P2.vhdl Line: 7
Warning (13024): Output pins are stuck at VCC or GND
    Warning (13410): Pin "output_vector[0]" is stuck at GND File: C:/Users/sabup/Desktop/IITB/Annual_Academic_Files/Year_2/Semester_4/EE214/P4/VHDL_Files/DUT.vhdl Line: 9
    Warning (13410): Pin "output_vector[1]" is stuck at GND File: C:/Users/sabup/Desktop/IITB/Annual_Academic_Files/Year_2/Semester_4/EE214/P4/VHDL_Files/DUT.vhdl Line: 9
    Warning (13410): Pin "output_vector[2]" is stuck at GND File: C:/Users/sabup/Desktop/IITB/Annual_Academic_Files/Year_2/Semester_4/EE214/P4/VHDL_Files/DUT.vhdl Line: 9
    Warning (13410): Pin "output_vector[3]" is stuck at GND File: C:/Users/sabup/Desktop/IITB/Annual_Academic_Files/Year_2/Semester_4/EE214/P4/VHDL_Files/DUT.vhdl Line: 9
    Warning (13410): Pin "output_vector[4]" is stuck at GND File: C:/Users/sabup/Desktop/IITB/Annual_Academic_Files/Year_2/Semester_4/EE214/P4/VHDL_Files/DUT.vhdl Line: 9
    Warning (13410): Pin "output_vector[5]" is stuck at GND File: C:/Users/sabup/Desktop/IITB/Annual_Academic_Files/Year_2/Semester_4/EE214/P4/VHDL_Files/DUT.vhdl Line: 9
    Warning (13410): Pin "output_vector[6]" is stuck at GND File: C:/Users/sabup/Desktop/IITB/Annual_Academic_Files/Year_2/Semester_4/EE214/P4/VHDL_Files/DUT.vhdl Line: 9
    Warning (13410): Pin "output_vector[7]" is stuck at GND File: C:/Users/sabup/Desktop/IITB/Annual_Academic_Files/Year_2/Semester_4/EE214/P4/VHDL_Files/DUT.vhdl Line: 9
Info (21057): Implemented 51 device resources after synthesis - the final resource count might be different
    Info (21058): Implemented 17 input pins
    Info (21059): Implemented 16 output pins
    Info (21061): Implemented 18 logic cells
Info: Quartus Prime Analysis & Synthesis was successful. 0 errors, 11 warnings
    Info: Peak virtual memory: 4801 megabytes
    Info: Processing ended: Fri Mar 08 16:20:18 2019
    Info: Elapsed time: 00:00:38
    Info: Total CPU time (on all processors): 00:01:17


